<html>
<body>
<pre>
<h1>µVision Build Log</h1>
<h2>Project:</h2>
C:\Users\janek\Desktop\oop\CichonJan\Project\Project.uvproj
Project File Date:  03/06/2023

<h2>Output:</h2>
Build target 'Target 1'
assembling Startup.s...
compiling main.cpp...
main.cpp(18): error:  #20: identifier "LedStepLeft" is undefined
compiling led.cpp...
".\Project.axf" - 1 Errors, 0 Warning(s).
Target not created
Build target 'Target 1'
compiling main.cpp...
compiling led.cpp...
linking...
Program Size: Code=1164 RO-data=32 RW-data=4 ZI-data=1260  
FromELF: creating hex file...
".\Project.axf" - 0 Errors, 0 Warning(s).
